Archive member included to satisfy reference by file (symbol)

c:/program files (x86)/atmel/studio/7.0/toolchain/arm/arm-gnu-toolchain/bin/../lib/gcc/arm-none-eabi/6.3.1/thumb/v6-m\libgcc.a(_thumb1_case_sqi.o)
                              usb/device/usbdc.o (__gnu_thumb1_case_sqi)
c:/program files (x86)/atmel/studio/7.0/toolchain/arm/arm-gnu-toolchain/bin/../lib/gcc/arm-none-eabi/6.3.1/thumb/v6-m\libgcc.a(_thumb1_case_uqi.o)
                              hal/src/hal_usb_device.o (__gnu_thumb1_case_uqi)
c:/program files (x86)/atmel/studio/7.0/toolchain/arm/arm-gnu-toolchain/bin/../lib/gcc/arm-none-eabi/6.3.1/thumb/v6-m\libgcc.a(_thumb1_case_shi.o)
                              usb/device/usbdc.o (__gnu_thumb1_case_shi)
c:/program files (x86)/atmel/studio/7.0/toolchain/arm/arm-gnu-toolchain/bin/../lib/gcc/arm-none-eabi/6.3.1/thumb/v6-m\libgcc.a(_udivsi3.o)
                              hpl/core/hpl_core_m0plus_base.o (__aeabi_uidiv)
c:/program files (x86)/atmel/studio/7.0/toolchain/arm/arm-gnu-toolchain/bin/../lib/gcc/arm-none-eabi/6.3.1/thumb/v6-m\libgcc.a(_dvmd_tls.o)
                              c:/program files (x86)/atmel/studio/7.0/toolchain/arm/arm-gnu-toolchain/bin/../lib/gcc/arm-none-eabi/6.3.1/thumb/v6-m\libgcc.a(_udivsi3.o) (__aeabi_idiv0)
c:/program files (x86)/atmel/studio/7.0/toolchain/arm/arm-gnu-toolchain/bin/../lib/gcc/arm-none-eabi/6.3.1/thumb/v6-m\libgcc.a(_aeabi_uldivmod.o)
                              hpl/sercom/hpl_sercom.o (__aeabi_uldivmod)
c:/program files (x86)/atmel/studio/7.0/toolchain/arm/arm-gnu-toolchain/bin/../lib/gcc/arm-none-eabi/6.3.1/thumb/v6-m\libgcc.a(_muldi3.o)
                              hpl/sercom/hpl_sercom.o (__aeabi_lmul)
c:/program files (x86)/atmel/studio/7.0/toolchain/arm/arm-gnu-toolchain/bin/../lib/gcc/arm-none-eabi/6.3.1/thumb/v6-m\libgcc.a(_fixunsdfsi.o)
                              hpl/sercom/hpl_sercom.o (__aeabi_d2uiz)
c:/program files (x86)/atmel/studio/7.0/toolchain/arm/arm-gnu-toolchain/bin/../lib/gcc/arm-none-eabi/6.3.1/thumb/v6-m\libgcc.a(_udivmoddi4.o)
                              c:/program files (x86)/atmel/studio/7.0/toolchain/arm/arm-gnu-toolchain/bin/../lib/gcc/arm-none-eabi/6.3.1/thumb/v6-m\libgcc.a(_aeabi_uldivmod.o) (__udivmoddi4)
c:/program files (x86)/atmel/studio/7.0/toolchain/arm/arm-gnu-toolchain/bin/../lib/gcc/arm-none-eabi/6.3.1/thumb/v6-m\libgcc.a(divdf3.o)
                              hpl/sercom/hpl_sercom.o (__aeabi_ddiv)
c:/program files (x86)/atmel/studio/7.0/toolchain/arm/arm-gnu-toolchain/bin/../lib/gcc/arm-none-eabi/6.3.1/thumb/v6-m\libgcc.a(muldf3.o)
                              hpl/sercom/hpl_sercom.o (__aeabi_dmul)
c:/program files (x86)/atmel/studio/7.0/toolchain/arm/arm-gnu-toolchain/bin/../lib/gcc/arm-none-eabi/6.3.1/thumb/v6-m\libgcc.a(subdf3.o)
                              hpl/sercom/hpl_sercom.o (__aeabi_dsub)
c:/program files (x86)/atmel/studio/7.0/toolchain/arm/arm-gnu-toolchain/bin/../lib/gcc/arm-none-eabi/6.3.1/thumb/v6-m\libgcc.a(fixdfsi.o)
                              c:/program files (x86)/atmel/studio/7.0/toolchain/arm/arm-gnu-toolchain/bin/../lib/gcc/arm-none-eabi/6.3.1/thumb/v6-m\libgcc.a(_fixunsdfsi.o) (__aeabi_d2iz)
c:/program files (x86)/atmel/studio/7.0/toolchain/arm/arm-gnu-toolchain/bin/../lib/gcc/arm-none-eabi/6.3.1/thumb/v6-m\libgcc.a(floatsidf.o)
                              hpl/sercom/hpl_sercom.o (__aeabi_i2d)
c:/program files (x86)/atmel/studio/7.0/toolchain/arm/arm-gnu-toolchain/bin/../lib/gcc/arm-none-eabi/6.3.1/thumb/v6-m\libgcc.a(floatunsidf.o)
                              hpl/sercom/hpl_sercom.o (__aeabi_ui2d)
c:/program files (x86)/atmel/studio/7.0/toolchain/arm/arm-gnu-toolchain/bin/../lib/gcc/arm-none-eabi/6.3.1/thumb/v6-m\libgcc.a(_arm_cmpdf2.o)
                              c:/program files (x86)/atmel/studio/7.0/toolchain/arm/arm-gnu-toolchain/bin/../lib/gcc/arm-none-eabi/6.3.1/thumb/v6-m\libgcc.a(_fixunsdfsi.o) (__aeabi_dcmpge)
c:/program files (x86)/atmel/studio/7.0/toolchain/arm/arm-gnu-toolchain/bin/../lib/gcc/arm-none-eabi/6.3.1/thumb/v6-m\libgcc.a(_clzsi2.o)
                              c:/program files (x86)/atmel/studio/7.0/toolchain/arm/arm-gnu-toolchain/bin/../lib/gcc/arm-none-eabi/6.3.1/thumb/v6-m\libgcc.a(divdf3.o) (__clzsi2)
c:/program files (x86)/atmel/studio/7.0/toolchain/arm/arm-gnu-toolchain/bin/../lib/gcc/arm-none-eabi/6.3.1/thumb/v6-m\libgcc.a(_clzdi2.o)
                              c:/program files (x86)/atmel/studio/7.0/toolchain/arm/arm-gnu-toolchain/bin/../lib/gcc/arm-none-eabi/6.3.1/thumb/v6-m\libgcc.a(_udivmoddi4.o) (__clzdi2)
c:/program files (x86)/atmel/studio/7.0/toolchain/arm/arm-gnu-toolchain/bin/../lib/gcc/arm-none-eabi/6.3.1/thumb/v6-m\libgcc.a(eqdf2.o)
                              c:/program files (x86)/atmel/studio/7.0/toolchain/arm/arm-gnu-toolchain/bin/../lib/gcc/arm-none-eabi/6.3.1/thumb/v6-m\libgcc.a(_arm_cmpdf2.o) (__eqdf2)
[...]
Memory Configuration

Name             Origin             Length             Attributes
rom              0x00000000         0x00004000         xr
ram              0x20000000         0x00001000         xrw
*default*        0x00000000         0xffffffff

Linker script and memory map

LOAD c:/program files (x86)/atmel/studio/7.0/toolchain/arm/arm-gnu-toolchain/bin/../lib/gcc/arm-none-eabi/6.3.1/thumb/v6-m/crti.o
LOAD c:/program files (x86)/atmel/studio/7.0/toolchain/arm/arm-gnu-toolchain/bin/../lib/gcc/arm-none-eabi/6.3.1/thumb/v6-m/crtbegin.o
LOAD c:/program files (x86)/atmel/studio/7.0/toolchain/arm/arm-gnu-toolchain/bin/../lib/gcc/arm-none-eabi/6.3.1/../../../../arm-none-eabi/lib/thumb/v6-m/crt0.o
LOAD atmel_start.o
LOAD Device_Startup/startup_samd11.o
LOAD Device_Startup/system_samd11.o
LOAD driver_init.o
LOAD examples/driver_examples.o
LOAD hal/src/hal_atomic.o
LOAD hal/src/hal_delay.o
LOAD hal/src/hal_gpio.o
LOAD hal/src/hal_i2c_m_sync.o
LOAD hal/src/hal_init.o
LOAD hal/src/hal_io.o
LOAD hal/src/hal_sleep.o
LOAD hal/src/hal_usb_device.o
LOAD hal/utils/src/utils_assert.o
LOAD hal/utils/src/utils_event.o
LOAD hal/utils/src/utils_list.o
LOAD hal/utils/src/utils_syscalls.o
LOAD hpl/core/hpl_core_m0plus_base.o
LOAD hpl/core/hpl_init.o
LOAD hpl/dmac/hpl_dmac.o
LOAD hpl/gclk/hpl_gclk.o
LOAD hpl/pm/hpl_pm.o
LOAD hpl/sercom/hpl_sercom.o
LOAD hpl/sysctrl/hpl_sysctrl.o
LOAD hpl/usb/hpl_usb.o
LOAD usb/class/cdc/device/cdcdf_acm.o
LOAD usb/device/usbdc.o
LOAD usb/usb_protocol.o
LOAD usb_cdc_echo_main.o
LOAD usb_start.o
START GROUP
LOAD c:/program files (x86)/atmel/studio/7.0/toolchain/arm/arm-gnu-toolchain/bin/../lib/gcc/arm-none-eabi/6.3.1/../../../../arm-none-eabi/lib/thumb/v6-m\libm.a
END GROUP
START GROUP
LOAD c:/program files (x86)/atmel/studio/7.0/toolchain/arm/arm-gnu-toolchain/bin/../lib/gcc/arm-none-eabi/6.3.1/thumb/v6-m\libgcc.a
LOAD c:/program files (x86)/atmel/studio/7.0/toolchain/arm/arm-gnu-toolchain/bin/../lib/gcc/arm-none-eabi/6.3.1/../../../../arm-none-eabi/lib/thumb/v6-m\libc_nano.a
END GROUP
START GROUP
LOAD c:/program files (x86)/atmel/studio/7.0/toolchain/arm/arm-gnu-toolchain/bin/../lib/gcc/arm-none-eabi/6.3.1/thumb/v6-m\libgcc.a
LOAD c:/program files (x86)/atmel/studio/7.0/toolchain/arm/arm-gnu-toolchain/bin/../lib/gcc/arm-none-eabi/6.3.1/../../../../arm-none-eabi/lib/thumb/v6-m\libc_nano.a
END GROUP
LOAD c:/program files (x86)/atmel/studio/7.0/toolchain/arm/arm-gnu-toolchain/bin/../lib/gcc/arm-none-eabi/6.3.1/thumb/v6-m/crtend.o
LOAD c:/program files (x86)/atmel/studio/7.0/toolchain/arm/arm-gnu-toolchain/bin/../lib/gcc/arm-none-eabi/6.3.1/thumb/v6-m/crtn.o
                0x00000400                STACK_SIZE = DEFINED (STACK_SIZE)?STACK_SIZE:DEFINED (__stack_size__)?__stack_size__:0x400

.text           0x00000000     0x35a0
                0x00000000                . = ALIGN (0x4)
                0x00000000                _sfixed = .
 *(.vectors .vectors.*)
 .vectors       0x00000000       0x8c Device_Startup/startup_samd11.o
                0x00000000                exception_table
 *(.text .text.* .gnu.linkonce.t.*)
 .text          0x0000008c       0x60 c:/program files (x86)/atmel/studio/7.0/toolchain/arm/arm-gnu-toolchain/bin/../lib/gcc/arm-none-eabi/6.3.1/thumb/v6-m/crtbegin.o
 .text.atmel_start_init
                0x000000ec       0x14 atmel_start.o
                0x000000ec                atmel_start_init
 .text.Dummy_Handler
                0x00000100        0x2 Device_Startup/startup_samd11.o
                0x00000100                SVCall_Handler
                0x00000100                DMAC_Handler
                0x00000100                HardFault_Handler
                0x00000100                TC2_Handler
                0x00000100                AC_Handler
                0x00000100                SysTick_Handler
                0x00000100                PendSV_Handler
                0x00000100                SERCOM1_Handler
                0x00000100                ADC_Handler
                0x00000100                NonMaskableInt_Handler
                0x00000100                SERCOM2_Handler
                0x00000100                TCC0_Handler
                0x00000100                RTC_Handler
                0x00000100                EIC_Handler
                0x00000100                WDT_Handler
                0x00000100                TC1_Handler
                0x00000100                Dummy_Handler
                0x00000100                PM_Handler
                0x00000100                EVSYS_Handler
                0x00000100                NVMCTRL_Handler
                0x00000100                SERCOM0_Handler
                0x00000100                DAC_Handler
                0x00000100                PTC_Handler
                0x00000100                SYSCTRL_Handler
 *fill*         0x00000102        0x2 
 .text.Reset_Handler
                0x00000104       0xbc Device_Startup/startup_samd11.o
                0x00000104                Reset_Handler
 .text._gpio_set_pin_function
                0x000001c0       0x70 driver_init.o
 .text._gpio_set_pin_pull_mode.constprop.3
                0x00000230       0x14 driver_init.o
 .text.I2C_0_PORT_init
                0x00000244       0x2c driver_init.o
                0x00000244                I2C_0_PORT_init
 .text.I2C_0_CLOCK_init
                0x00000270       0x28 driver_init.o
                0x00000270                I2C_0_CLOCK_init
 .text.I2C_0_init
                0x00000298       0x28 driver_init.o
                0x00000298                I2C_0_init
 .text.TARGET_USB_PORT_init
                0x000002c0       0x60 driver_init.o
                0x000002c0                TARGET_USB_PORT_init
 .text.TARGET_USB_CLOCK_init
                0x00000320       0x28 driver_init.o
                0x00000320                TARGET_USB_CLOCK_init
 .text.TARGET_USB_init
                0x00000348       0x1c driver_init.o
                0x00000348                TARGET_USB_init
 .text.system_init
                0x00000364       0x1c driver_init.o
                0x00000364                system_init
 .text.atomic_enter_critical
                0x00000380        0xe hal/src/hal_atomic.o
                0x00000380                atomic_enter_critical
 .text.atomic_leave_critical
                0x0000038e        0xc hal/src/hal_atomic.o
                0x0000038e                atomic_leave_critical
 *fill*         0x0000039a        0x2 
 .text.delay_ms
                0x0000039c       0x20 hal/src/hal_delay.o
                0x0000039c                delay_ms
 .text.i2c_m_sync_write
                0x000003bc       0x2c hal/src/hal_i2c_m_sync.o
 .text.i2c_m_sync_read
                0x000003e8       0x2c hal/src/hal_i2c_m_sync.o
 .text.i2c_m_sync_init
                0x00000414       0x40 hal/src/hal_i2c_m_sync.o
                0x00000414                i2c_m_sync_init
 .text.i2c_m_sync_enable
                0x00000454        0xc hal/src/hal_i2c_m_sync.o
                0x00000454                i2c_m_sync_enable
 .text.i2c_m_sync_set_slaveaddr
                0x00000460       0x12 hal/src/hal_i2c_m_sync.o
                0x00000460                i2c_m_sync_set_slaveaddr
 *fill*         0x00000472        0x2 
 .text.i2c_m_sync_cmd_read
                0x00000474       0x48 hal/src/hal_i2c_m_sync.o
                0x00000474                i2c_m_sync_cmd_read
 .text.i2c_m_sync_get_io_descriptor
                0x000004bc        0x8 hal/src/hal_i2c_m_sync.o
                0x000004bc                i2c_m_sync_get_io_descriptor
 .text.io_write
                0x000004c4       0x30 hal/src/hal_io.o
                0x000004c4                io_write
 .text._usb_d_find_ep
                0x000004f4       0x34 hal/src/hal_usb_device.o
 .text.usb_d_dummy_cb_false
                0x00000528        0x4 hal/src/hal_usb_device.o
 .text.usb_d_cb_trans_more
                0x0000052c       0x2c hal/src/hal_usb_device.o
 .text._usb_d_cb_trans_done
                0x00000558       0xf8 hal/src/hal_usb_device.o
 .text.usb_d_cb_trans_setup
                0x00000650       0x84 hal/src/hal_usb_device.o
 .text.usb_d_init
                0x000006d4       0x6c hal/src/hal_usb_device.o
                0x000006d4                usb_d_init
 .text.usb_d_register_callback
                0x00000740        0xc hal/src/hal_usb_device.o
                0x00000740                usb_d_register_callback
 .text.usb_d_enable
                0x0000074c        0xc hal/src/hal_usb_device.o
                0x0000074c                usb_d_enable
 .text.usb_d_attach
                0x00000758        0xc hal/src/hal_usb_device.o
                0x00000758                usb_d_attach
 .text.usb_d_set_address
                0x00000764        0xc hal/src/hal_usb_device.o
                0x00000764                usb_d_set_address
 .text.usb_d_ep_init
                0x00000770       0x50 hal/src/hal_usb_device.o
                0x00000770                usb_d_ep_init
 .text.usb_d_ep0_init
                0x000007c0       0x14 hal/src/hal_usb_device.o
                0x000007c0                usb_d_ep0_init
 .text.usb_d_ep_deinit
                0x000007d4       0x2c hal/src/hal_usb_device.o
                0x000007d4                usb_d_ep_deinit
 .text.usb_d_ep_enable
                0x00000800       0x40 hal/src/hal_usb_device.o
                0x00000800                usb_d_ep_enable
 .text.usb_d_ep_transfer
                0x00000840       0xf8 hal/src/hal_usb_device.o
                0x00000840                usb_d_ep_transfer
 .text.usb_d_ep_halt
                0x00000938       0x60 hal/src/hal_usb_device.o
                0x00000938                usb_d_ep_halt
 .text.usb_d_ep_register_callback
                0x00000998       0x4c hal/src/hal_usb_device.o
                0x00000998                usb_d_ep_register_callback
 .text.assert   0x000009e4        0x8 hal/utils/src/utils_assert.o
                0x000009e4                assert
 .text.is_list_element
                0x000009ec       0x10 hal/utils/src/utils_list.o
                0x000009ec                is_list_element
 .text.list_insert_at_end
                0x000009fc       0x40 hal/utils/src/utils_list.o
                0x000009fc                list_insert_at_end
 .text._sbrk    0x00000a3c       0x20 hal/utils/src/utils_syscalls.o
                0x00000a3c                _sbrk
 .text._get_cycles_for_ms
                0x00000a5c       0x1c hpl/core/hpl_core_m0plus_base.o
                0x00000a5c                _get_cycles_for_ms
 .text._delay_cycles
                0x00000a78        0x6 hpl/core/hpl_core_m0plus_base.o
                0x00000a78                _delay_cycles
 *fill*         0x00000a7e        0x2 
 .text._init_chip
                0x00000a80       0x30 hpl/core/hpl_init.o
                0x00000a80                _init_chip
 .text._gclk_init_generators_by_fref
                0x00000ab0       0x3c hpl/gclk/hpl_gclk.o
                0x00000ab0                _gclk_init_generators_by_fref
 .text._pm_init
                0x00000aec       0x20 hpl/pm/hpl_pm.o
                0x00000aec                _pm_init
 .text.hri_sercomi2cm_wait_for_sync
                0x00000b0c        0x8 hpl/sercom/hpl_sercom.o
 .text.hri_sercomi2cm_clear_CTRLA_ENABLE_bit
                0x00000b14       0x18 hpl/sercom/hpl_sercom.o
 .text._get_i2cm_index
                0x00000b2c       0x2c hpl/sercom/hpl_sercom.o
 .text._i2c_m_enable_implementation
                0x00000b58       0x70 hpl/sercom/hpl_sercom.o
 .text._sercom_i2c_send_stop
                0x00000bc8       0x18 hpl/sercom/hpl_sercom.o
 .text._sercom_i2c_sync_analyse_flags
                0x00000be0      0x188 hpl/sercom/hpl_sercom.o
 .text._i2c_m_sync_init_impl
                0x00000d68       0xb4 hpl/sercom/hpl_sercom.o
 .text._i2c_m_sync_init
                0x00000e1c       0x30 hpl/sercom/hpl_sercom.o
                0x00000e1c                _i2c_m_sync_init
 .text._i2c_m_sync_enable
                0x00000e4c       0x2c hpl/sercom/hpl_sercom.o
                0x00000e4c                _i2c_m_sync_enable
 .text._i2c_m_sync_transfer
                0x00000e78      0x1a4 hpl/sercom/hpl_sercom.o
                0x00000e78                _i2c_m_sync_transfer
 .text._sysctrl_init_sources
                0x0000101c       0x40 hpl/sysctrl/hpl_sysctrl.o
                0x0000101c                _sysctrl_init_sources
 .text._sysctrl_init_referenced_generators
                0x0000105c       0x74 hpl/sysctrl/hpl_sysctrl.o
                0x0000105c                _sysctrl_init_referenced_generators
 .text._dummy_func_no_return
                0x000010d0        0x4 hpl/usb/hpl_usb.o
 .text._usb_d_dev_wait_dfll_rdy
                0x000010d4       0x24 hpl/usb/hpl_usb.o
 .text._usb_d_dev_ept
                0x000010f8       0x1c hpl/usb/hpl_usb.o
 .text._usb_d_dev_handle_setup
                0x00001114       0x7c hpl/usb/hpl_usb.o
 .text._usb_d_dev_handle_stall
                0x00001190       0x2c hpl/usb/hpl_usb.o
 .text._usb_d_dev_trans_done
                0x000011bc       0x24 hpl/usb/hpl_usb.o
 .text._usb_d_dev_trans_stop
                0x000011e0       0x60 hpl/usb/hpl_usb.o
 .text._usb_d_dev_handle_trfail
                0x00001240       0xe4 hpl/usb/hpl_usb.o
 .text._usb_d_dev_reset_epts
                0x00001324       0x40 hpl/usb/hpl_usb.o
 .text._usb_d_dev_in_next
                0x00001364      0x170 hpl/usb/hpl_usb.o
 .text._usb_d_dev_out_next
                0x000014d4      0x1d4 hpl/usb/hpl_usb.o
 .text._usbd_ep_pcksize_size
                0x000016a8       0x38 hpl/usb/hpl_usb.o
 .text._usb_d_dev_init
                0x000016e0       0xc4 hpl/usb/hpl_usb.o
                0x000016e0                _usb_d_dev_init
 .text._usb_d_dev_enable
                0x000017a4       0x48 hpl/usb/hpl_usb.o
                0x000017a4                _usb_d_dev_enable
 .text._usb_d_dev_attach
                0x000017ec       0x10 hpl/usb/hpl_usb.o
                0x000017ec                _usb_d_dev_attach
 .text._usb_d_dev_set_address
                0x000017fc       0x10 hpl/usb/hpl_usb.o
                0x000017fc                _usb_d_dev_set_address
 .text._usb_d_dev_ep_init
                0x0000180c       0xc8 hpl/usb/hpl_usb.o
                0x0000180c                _usb_d_dev_ep_init
 .text._usb_d_dev_ep_deinit
                0x000018d4       0x7c hpl/usb/hpl_usb.o
                0x000018d4                _usb_d_dev_ep_deinit
 .text._usb_d_dev_ep_enable
                0x00001950      0x13c hpl/usb/hpl_usb.o
                0x00001950                _usb_d_dev_ep_enable
 .text._usb_d_dev_ep_stall
                0x00001a8c       0xd0 hpl/usb/hpl_usb.o
                0x00001a8c                _usb_d_dev_ep_stall
 .text._usb_d_dev_ep_read_req
                0x00001b5c       0x58 hpl/usb/hpl_usb.o
                0x00001b5c                _usb_d_dev_ep_read_req
 .text._usb_d_dev_ep_trans
                0x00001bb4      0x118 hpl/usb/hpl_usb.o
                0x00001bb4                _usb_d_dev_ep_trans
 .text._usb_d_dev_register_callback
                0x00001ccc       0x24 hpl/usb/hpl_usb.o
                0x00001ccc                _usb_d_dev_register_callback
 .text._usb_d_dev_register_ep_callback
                0x00001cf0       0x2c hpl/usb/hpl_usb.o
                0x00001cf0                _usb_d_dev_register_ep_callback
 .text.USB_Handler
                0x00001d1c      0x1cc hpl/usb/hpl_usb.o
                0x00001d1c                USB_Handler
 .text.cdcdf_acm_req
                0x00001ee8       0xdc usb/class/cdc/device/cdcdf_acm.o
 .text.cdcdf_acm_ctrl
                0x00001fc4      0x124 usb/class/cdc/device/cdcdf_acm.o
 .text.cdcdf_acm_init
                0x000020e8       0x44 usb/class/cdc/device/cdcdf_acm.o
                0x000020e8                cdcdf_acm_init
 .text.cdcdf_acm_write
                0x0000212c       0x28 usb/class/cdc/device/cdcdf_acm.o
                0x0000212c                cdcdf_acm_write
 .text.cdcdf_acm_register_callback
                0x00002154       0x38 usb/class/cdc/device/cdcdf_acm.o
                0x00002154                cdcdf_acm_register_callback
 .text.cdcdf_acm_is_enabled
                0x0000218c        0xc usb/class/cdc/device/cdcdf_acm.o
                0x0000218c                cdcdf_acm_is_enabled
 .text.usbdc_unconfig
                0x00002198       0x20 usb/device/usbdc.o
 .text.usbdc_change_notify
                0x000021b8       0x24 usb/device/usbdc.o
 .text.usbdc_request_handler
                0x000021dc       0x3c usb/device/usbdc.o
 .text.usbd_sof_cb
                0x00002218       0x1c usb/device/usbdc.o
 .text.usbdc_cb_ctl_done
                0x00002234       0x70 usb/device/usbdc.o
 .text.usbdc_reset
                0x000022a4       0x58 usb/device/usbdc.o
                0x000022a4                usbdc_reset
 .text.usbd_event_cb
                0x000022fc       0x20 usb/device/usbdc.o
 .text.usbdc_xfer
                0x0000231c       0x1c usb/device/usbdc.o
                0x0000231c                usbdc_xfer
 .text.usbdc_cb_ctl_req
                0x00002338      0x31c usb/device/usbdc.o
 .text.usbdc_register_handler
                0x00002654       0x30 usb/device/usbdc.o
                0x00002654                usbdc_register_handler
 .text.usbdc_init
                0x00002684       0x60 usb/device/usbdc.o
                0x00002684                usbdc_init
 .text.usbdc_register_function
                0x000026e4       0x18 usb/device/usbdc.o
                0x000026e4                usbdc_register_function
 .text.usbdc_start
                0x000026fc       0x34 usb/device/usbdc.o
                0x000026fc                usbdc_start
 .text.usbdc_attach
                0x00002730        0xc usb/device/usbdc.o
                0x00002730                usbdc_attach
 .text.usbdc_get_ctrl_buffer
                0x0000273c        0xc usb/device/usbdc.o
                0x0000273c                usbdc_get_ctrl_buffer
 .text.usbdc_get_state
                0x00002748       0x14 usb/device/usbdc.o
                0x00002748                usbdc_get_state
 .text.usb_find_desc
                0x0000275c       0x1a usb/usb_protocol.o
                0x0000275c                usb_find_desc
 .text.usb_find_ep_desc
                0x00002776       0x1c usb/usb_protocol.o
                0x00002776                usb_find_ep_desc
 *fill*         0x00002792        0x2 
 .text.usb_find_cfg_desc
                0x00002794       0x3c usb/usb_protocol.o
                0x00002794                usb_find_cfg_desc
 .text.usb_find_str_desc
                0x000027d0       0x30 usb/usb_protocol.o
                0x000027d0                usb_find_str_desc
 .text.startup.main
                0x00002800      0x108 usb_cdc_echo_main.o
                0x00002800                main
 .text.cdc_write_finished
                0x00002908        0xc usb_start.o
 .text.usb_device_state_changed_handler
                0x00002914       0x30 usb_start.o
 .text.cdc_device_acm_init
                0x00002944       0x2c usb_start.o
                0x00002944                cdc_device_acm_init
 .text.usb_init
                0x00002970        0xc usb_start.o
                0x00002970                usb_init
 .text.usb_serial_begin
                0x0000297c       0x20 usb_start.o
                0x0000297c                usb_serial_begin
 .text.usb_serial_write
                0x0000299c       0x4c usb_start.o
                0x0000299c                usb_serial_write
 .text.serial_write
                0x000029e8       0x1c usb_start.o
                0x000029e8                serial_write
 .text          0x00002a04       0x14 c:/program files (x86)/atmel/studio/7.0/toolchain/arm/arm-gnu-toolchain/bin/../lib/gcc/arm-none-eabi/6.3.1/thumb/v6-m\libgcc.a(_thumb1_case_sqi.o)
                0x00002a04                __gnu_thumb1_case_sqi
 .text          0x00002a18       0x14 c:/program files (x86)/atmel/studio/7.0/toolchain/arm/arm-gnu-toolchain/bin/../lib/gcc/arm-none-eabi/6.3.1/thumb/v6-m\libgcc.a(_thumb1_case_uqi.o)
                0x00002a18                __gnu_thumb1_case_uqi
 .text          0x00002a2c       0x14 c:/program files (x86)/atmel/studio/7.0/toolchain/arm/arm-gnu-toolchain/bin/../lib/gcc/arm-none-eabi/6.3.1/thumb/v6-m\libgcc.a(_thumb1_case_shi.o)
                0x00002a2c                __gnu_thumb1_case_shi
 .text          0x00002a40      0x114 c:/program files (x86)/atmel/studio/7.0/toolchain/arm/arm-gnu-toolchain/bin/../lib/gcc/arm-none-eabi/6.3.1/thumb/v6-m\libgcc.a(_udivsi3.o)
                0x00002a40                __aeabi_uidiv
                0x00002a40                __udivsi3
                0x00002b4c                __aeabi_uidivmod
 .text          0x00002b54        0x4 c:/program files (x86)/atmel/studio/7.0/toolchain/arm/arm-gnu-toolchain/bin/../lib/gcc/arm-none-eabi/6.3.1/thumb/v6-m\libgcc.a(_dvmd_tls.o)
                0x00002b54                __aeabi_idiv0
                0x00002b54                __aeabi_ldiv0
 .text.__libc_init_array
                0x00002b58       0x48 c:/program files (x86)/atmel/studio/7.0/toolchain/arm/arm-gnu-toolchain/bin/../lib/gcc/arm-none-eabi/6.3.1/../../../../arm-none-eabi/lib/thumb/v6-m\libc_nano.a(lib_a-init.o)
                0x00002b58                __libc_init_array
 .text.memcpy   0x00002ba0       0x12 c:/program files (x86)/atmel/studio/7.0/toolchain/arm/arm-gnu-toolchain/bin/../lib/gcc/arm-none-eabi/6.3.1/../../../../arm-none-eabi/lib/thumb/v6-m\libc_nano.a(lib_a-memcpy-stub.o)
                0x00002ba0                memcpy
 .text.memset   0x00002bb2       0x10 c:/program files (x86)/atmel/studio/7.0/toolchain/arm/arm-gnu-toolchain/bin/../lib/gcc/arm-none-eabi/6.3.1/../../../../arm-none-eabi/lib/thumb/v6-m\libc_nano.a(lib_a-memset.o)
                0x00002bb2                memset
 *fill*         0x00002bc2        0x2 
 .text.sprintf  0x00002bc4       0x44 c:/program files (x86)/atmel/studio/7.0/toolchain/arm/arm-gnu-toolchain/bin/../lib/gcc/arm-none-eabi/6.3.1/../../../../arm-none-eabi/lib/thumb/v6-m\libc_nano.a(lib_a-sprintf.o)
                0x00002bc4                siprintf
                0x00002bc4                sprintf
 .text          0x00002c08        0xe c:/program files (x86)/atmel/studio/7.0/toolchain/arm/arm-gnu-toolchain/bin/../lib/gcc/arm-none-eabi/6.3.1/../../../../arm-none-eabi/lib/thumb/v6-m\libc_nano.a(lib_a-strlen.o)
                0x00002c08                strlen
 *fill*         0x00002c16        0x2 
 .text._malloc_r
                0x00002c18       0xbc c:/program files (x86)/atmel/studio/7.0/toolchain/arm/arm-gnu-toolchain/bin/../lib/gcc/arm-none-eabi/6.3.1/../../../../arm-none-eabi/lib/thumb/v6-m\libc_nano.a(lib_a-nano-mallocr.o)
                0x00002c18                _malloc_r
 .text.__ssputs_r
                0x00002cd4       0xc4 c:/program files (x86)/atmel/studio/7.0/toolchain/arm/arm-gnu-toolchain/bin/../lib/gcc/arm-none-eabi/6.3.1/../../../../arm-none-eabi/lib/thumb/v6-m\libc_nano.a(lib_a-nano-svfprintf.o)
                0x00002cd4                __ssputs_r
 .text._svfprintf_r
                0x00002d98      0x208 c:/program files (x86)/atmel/studio/7.0/toolchain/arm/arm-gnu-toolchain/bin/../lib/gcc/arm-none-eabi/6.3.1/../../../../arm-none-eabi/lib/thumb/v6-m\libc_nano.a(lib_a-nano-svfprintf.o)
                0x00002d98                _svfiprintf_r
                0x00002d98                _svfprintf_r
 .text._printf_common
                0x00002fa0       0xda c:/program files (x86)/atmel/studio/7.0/toolchain/arm/arm-gnu-toolchain/bin/../lib/gcc/arm-none-eabi/6.3.1/../../../../arm-none-eabi/lib/thumb/v6-m\libc_nano.a(lib_a-nano-vfprintf_i.o)
                0x00002fa0                _printf_common
 *fill*         0x0000307a        0x2 
 .text._printf_i
                0x0000307c      0x234 c:/program files (x86)/atmel/studio/7.0/toolchain/arm/arm-gnu-toolchain/bin/../lib/gcc/arm-none-eabi/6.3.1/../../../../arm-none-eabi/lib/thumb/v6-m\libc_nano.a(lib_a-nano-vfprintf_i.o)
                0x0000307c                _printf_i
 .text._sbrk_r  0x000032b0       0x24 c:/program files (x86)/atmel/studio/7.0/toolchain/arm/arm-gnu-toolchain/bin/../lib/gcc/arm-none-eabi/6.3.1/../../../../arm-none-eabi/lib/thumb/v6-m\libc_nano.a(lib_a-sbrkr.o)
                0x000032b0                _sbrk_r
 .text.memchr   0x000032d4       0x16 c:/program files (x86)/atmel/studio/7.0/toolchain/arm/arm-gnu-toolchain/bin/../lib/gcc/arm-none-eabi/6.3.1/../../../../arm-none-eabi/lib/thumb/v6-m\libc_nano.a(lib_a-memchr-stub.o)
                0x000032d4                memchr
 .text.memmove  0x000032ea       0x24 c:/program files (x86)/atmel/studio/7.0/toolchain/arm/arm-gnu-toolchain/bin/../lib/gcc/arm-none-eabi/6.3.1/../../../../arm-none-eabi/lib/thumb/v6-m\libc_nano.a(lib_a-memmove.o)
                0x000032ea                memmove
 .text.__malloc_lock
                0x0000330e        0x2 c:/program files (x86)/atmel/studio/7.0/toolchain/arm/arm-gnu-toolchain/bin/../lib/gcc/arm-none-eabi/6.3.1/../../../../arm-none-eabi/lib/thumb/v6-m\libc_nano.a(lib_a-mlock.o)
                0x0000330e                __malloc_lock
 .text.__malloc_unlock
                0x00003310        0x2 c:/program files (x86)/atmel/studio/7.0/toolchain/arm/arm-gnu-toolchain/bin/../lib/gcc/arm-none-eabi/6.3.1/../../../../arm-none-eabi/lib/thumb/v6-m\libc_nano.a(lib_a-mlock.o)
                0x00003310                __malloc_unlock
 *fill*         0x00003312        0x2 
 .text._free_r  0x00003314       0x94 c:/program files (x86)/atmel/studio/7.0/toolchain/arm/arm-gnu-toolchain/bin/../lib/gcc/arm-none-eabi/6.3.1/../../../../arm-none-eabi/lib/thumb/v6-m\libc_nano.a(lib_a-nano-freer.o)
                0x00003314                _free_r
 .text._realloc_r
                0x000033a8       0x4c c:/program files (x86)/atmel/studio/7.0/toolchain/arm/arm-gnu-toolchain/bin/../lib/gcc/arm-none-eabi/6.3.1/../../../../arm-none-eabi/lib/thumb/v6-m\libc_nano.a(lib_a-nano-reallocr.o)
                0x000033a8                _realloc_r
 .text._malloc_usable_size_r
                0x000033f4       0x10 c:/program files (x86)/atmel/studio/7.0/toolchain/arm/arm-gnu-toolchain/bin/../lib/gcc/arm-none-eabi/6.3.1/../../../../arm-none-eabi/lib/thumb/v6-m\libc_nano.a(lib_a-nano-msizer.o)
                0x000033f4                _malloc_usable_size_r
 *(.glue_7t)
 .glue_7t       0x00003404        0x0 linker stubs
 *(.glue_7)
 .glue_7        0x00003404        0x0 linker stubs
 *(.rodata .rodata* .gnu.linkonce.r.*)
 .rodata.str1.1
                0x00003404       0x1c hal/src/hal_i2c_m_sync.o
 .rodata.str1.1
                0x00003420       0x14 hal/src/hal_io.o
 .rodata.str1.1
                0x00003434       0x1e hal/utils/src/utils_list.o
 *fill*         0x00003452        0x2 
 .rodata        0x00003454       0x29 hpl/sercom/hpl_sercom.o
 .rodata.str1.1
                0x0000347d       0x1b hpl/sercom/hpl_sercom.o
 .rodata        0x00003498       0x24 hpl/usb/hpl_usb.o
 .rodata.str1.1
                0x000034bc       0x16 usb/device/usbdc.o
 .rodata        0x000034d2        0xb usb_cdc_echo_main.o
 .rodata.str1.1
                0x000034dd        0xc usb_cdc_echo_main.o
 *fill*         0x000034e9        0x3 
 .rodata.__sf_fake_stderr
                0x000034ec       0x20 c:/program files (x86)/atmel/studio/7.0/toolchain/arm/arm-gnu-toolchain/bin/../lib/gcc/arm-none-eabi/6.3.1/../../../../arm-none-eabi/lib/thumb/v6-m\libc_nano.a(lib_a-findfp.o)
                0x000034ec                __sf_fake_stderr
 .rodata.__sf_fake_stdin
                0x0000350c       0x20 c:/program files (x86)/atmel/studio/7.0/toolchain/arm/arm-gnu-toolchain/bin/../lib/gcc/arm-none-eabi/6.3.1/../../../../arm-none-eabi/lib/thumb/v6-m\libc_nano.a(lib_a-findfp.o)
                0x0000350c                __sf_fake_stdin
 .rodata.__sf_fake_stdout
                0x0000352c       0x20 c:/program files (x86)/atmel/studio/7.0/toolchain/arm/arm-gnu-toolchain/bin/../lib/gcc/arm-none-eabi/6.3.1/../../../../arm-none-eabi/lib/thumb/v6-m\libc_nano.a(lib_a-findfp.o)
                0x0000352c                __sf_fake_stdout
 .rodata._svfprintf_r.str1.1
                0x0000354c       0x11 c:/program files (x86)/atmel/studio/7.0/toolchain/arm/arm-gnu-toolchain/bin/../lib/gcc/arm-none-eabi/6.3.1/../../../../arm-none-eabi/lib/thumb/v6-m\libc_nano.a(lib_a-nano-svfprintf.o)
 .rodata._printf_i.str1.1
                0x0000355d       0x22 c:/program files (x86)/atmel/studio/7.0/toolchain/arm/arm-gnu-toolchain/bin/../lib/gcc/arm-none-eabi/6.3.1/../../../../arm-none-eabi/lib/thumb/v6-m\libc_nano.a(lib_a-nano-vfprintf_i.o)
 *(.ARM.extab* .gnu.linkonce.armextab.*)
                0x00003580                . = ALIGN (0x4)
 *fill*         0x0000357f        0x1 
 *(.init)
 .init          0x00003580        0x4 c:/program files (x86)/atmel/studio/7.0/toolchain/arm/arm-gnu-toolchain/bin/../lib/gcc/arm-none-eabi/6.3.1/thumb/v6-m/crti.o
                0x00003580                _init
 .init          0x00003584        0x8 c:/program files (x86)/atmel/studio/7.0/toolchain/arm/arm-gnu-toolchain/bin/../lib/gcc/arm-none-eabi/6.3.1/thumb/v6-m/crtn.o
                0x0000358c                . = ALIGN (0x4)
                0x0000358c                __preinit_array_start = .
 *(.preinit_array)
                0x0000358c                __preinit_array_end = .
                0x0000358c                . = ALIGN (0x4)
                0x0000358c                __init_array_start = .
 *(SORT(.init_array.*))
 *(.init_array)
 .init_array    0x0000358c        0x4 c:/program files (x86)/atmel/studio/7.0/toolchain/arm/arm-gnu-toolchain/bin/../lib/gcc/arm-none-eabi/6.3.1/thumb/v6-m/crtbegin.o
                0x00003590                __init_array_end = .
                0x00003590                . = ALIGN (0x4)
 *crtbegin.o(.ctors)
 *(EXCLUDE_FILE(*crtend.o) .ctors)
 *(SORT(.ctors.*))
 *crtend.o(.ctors)
                0x00003590                . = ALIGN (0x4)
 *(.fini)
 .fini          0x00003590        0x4 c:/program files (x86)/atmel/studio/7.0/toolchain/arm/arm-gnu-toolchain/bin/../lib/gcc/arm-none-eabi/6.3.1/thumb/v6-m/crti.o
                0x00003590                _fini
 .fini          0x00003594        0x8 c:/program files (x86)/atmel/studio/7.0/toolchain/arm/arm-gnu-toolchain/bin/../lib/gcc/arm-none-eabi/6.3.1/thumb/v6-m/crtn.o
                0x0000359c                . = ALIGN (0x4)
                0x0000359c                __fini_array_start = .
 *(.fini_array)
 .fini_array    0x0000359c        0x4 c:/program files (x86)/atmel/studio/7.0/toolchain/arm/arm-gnu-toolchain/bin/../lib/gcc/arm-none-eabi/6.3.1/thumb/v6-m/crtbegin.o
 *(SORT(.fini_array.*))
                0x000035a0                __fini_array_end = .
 *crtbegin.o(.dtors)
 *(EXCLUDE_FILE(*crtend.o) .dtors)
 *(SORT(.dtors.*))
 *crtend.o(.dtors)
                0x000035a0                . = ALIGN (0x4)
                0x000035a0                _efixed = .
                [!provide]                PROVIDE (__exidx_start, .)

.vfp11_veneer   0x000035a0        0x0
 .vfp11_veneer  0x000035a0        0x0 linker stubs

.v4_bx          0x000035a0        0x0
 .v4_bx         0x000035a0        0x0 linker stubs

.iplt           0x000035a0        0x0
 .iplt          0x000035a0        0x0 c:/program files (x86)/atmel/studio/7.0/toolchain/arm/arm-gnu-toolchain/bin/../lib/gcc/arm-none-eabi/6.3.1/thumb/v6-m/crtbegin.o

.eh_frame       0x000035a0        0x0
 .eh_frame      0x000035a0        0x0 c:/program files (x86)/atmel/studio/7.0/toolchain/arm/arm-gnu-toolchain/bin/../lib/gcc/arm-none-eabi/6.3.1/thumb/v6-m/crtbegin.o

.rel.dyn        0x000035a0        0x0
 .rel.iplt      0x000035a0        0x0 c:/program files (x86)/atmel/studio/7.0/toolchain/arm/arm-gnu-toolchain/bin/../lib/gcc/arm-none-eabi/6.3.1/thumb/v6-m/crtbegin.o

.jcr            0x000035a0        0x0
 .jcr           0x000035a0        0x0 c:/program files (x86)/atmel/studio/7.0/toolchain/arm/arm-gnu-toolchain/bin/../lib/gcc/arm-none-eabi/6.3.1/thumb/v6-m/crtbegin.o

.igot.plt       0x000035a0        0x0
 .igot.plt      0x000035a0        0x0 c:/program files (x86)/atmel/studio/7.0/toolchain/arm/arm-gnu-toolchain/bin/../lib/gcc/arm-none-eabi/6.3.1/thumb/v6-m/crtbegin.o

.ARM.exidx
 *(.ARM.exidx* .gnu.linkonce.armexidx.*)
                [!provide]                PROVIDE (__exidx_end, .)
                0x000035a0                . = ALIGN (0x4)
                0x000035a0                _etext = .

.relocate       0x20000000       0xcc load address 0x000035a0
                0x20000000                . = ALIGN (0x4)
                0x20000000                _srelocate = .
 *(.ramfunc .ramfunc.*)
 *(.data .data.*)
 .data          0x20000000        0x8 usb/class/cdc/device/cdcdf_acm.o
 .data          0x20000008       0x5d usb_start.o
 *fill*         0x20000065        0x3 
 .data._impure_ptr
                0x20000068        0x4 c:/program files (x86)/atmel/studio/7.0/toolchain/arm/arm-gnu-toolchain/bin/../lib/gcc/arm-none-eabi/6.3.1/../../../../arm-none-eabi/lib/thumb/v6-m\libc_nano.a(lib_a-impure.o)
                0x20000068                _impure_ptr
 .data.impure_data
                0x2000006c       0x60 c:/program files (x86)/atmel/studio/7.0/toolchain/arm/arm-gnu-toolchain/bin/../lib/gcc/arm-none-eabi/6.3.1/../../../../arm-none-eabi/lib/thumb/v6-m\libc_nano.a(lib_a-impure.o)
                0x200000cc                . = ALIGN (0x4)
                0x200000cc                _erelocate = .

.bss            0x200000cc      0x60c load address 0x0000366c
                0x200000cc                . = ALIGN (0x4)
                0x200000cc                _sbss = .
                0x200000cc                _szero = .
 *(.bss .bss.*)
 .bss           0x200000cc       0x1c c:/program files (x86)/atmel/studio/7.0/toolchain/arm/arm-gnu-toolchain/bin/../lib/gcc/arm-none-eabi/6.3.1/thumb/v6-m/crtbegin.o
 .bss           0x200000e8        0x4 hal/src/hal_delay.o
 .bss           0x200000ec      0x1a0 hal/src/hal_usb_device.o
 .bss           0x2000028c        0x4 hal/utils/src/utils_syscalls.o
 .bss           0x20000290      0x350 hpl/usb/hpl_usb.o
 .bss           0x200005e0       0x24 usb/class/cdc/device/cdcdf_acm.o
 .bss           0x20000604       0x20 usb/device/usbdc.o
 .bss           0x20000624       0x88 usb_start.o
                0x20000624                pending_write
                0x20000625                cdc_connected
 .bss.__malloc_free_list
                0x200006ac        0x4 c:/program files (x86)/atmel/studio/7.0/toolchain/arm/arm-gnu-toolchain/bin/../lib/gcc/arm-none-eabi/6.3.1/../../../../arm-none-eabi/lib/thumb/v6-m\libc_nano.a(lib_a-nano-mallocr.o)
                0x200006ac                __malloc_free_list
 .bss.__malloc_sbrk_start
                0x200006b0        0x4 c:/program files (x86)/atmel/studio/7.0/toolchain/arm/arm-gnu-toolchain/bin/../lib/gcc/arm-none-eabi/6.3.1/../../../../arm-none-eabi/lib/thumb/v6-m\libc_nano.a(lib_a-nano-mallocr.o)
                0x200006b0                __malloc_sbrk_start
 *(COMMON)
 COMMON         0x200006b4       0x20 driver_init.o
                0x200006b4                I2C_0
 COMMON         0x200006d4        0x4 c:/program files (x86)/atmel/studio/7.0/toolchain/arm/arm-gnu-toolchain/bin/../lib/gcc/arm-none-eabi/6.3.1/../../../../arm-none-eabi/lib/thumb/v6-m\libc_nano.a(lib_a-reent.o)
                0x200006d4                errno
                0x200006d8                . = ALIGN (0x4)
                0x200006d8                _ebss = .
                0x200006d8                _ezero = .

.stack          0x200006d8      0x400 load address 0x00003c78
                0x200006d8                . = ALIGN (0x8)
                0x200006d8                _sstack = .
                0x20000ad8                . = (. + STACK_SIZE)
 *fill*         0x200006d8      0x400 
                0x20000ad8                . = ALIGN (0x8)
                0x20000ad8                _estack = .
                0x20000ad8                . = ALIGN (0x4)
                0x20000ad8                _end = .
OUTPUT(ledusb.elf elf32-littlearm)

.ARM.attributes
                0x00000000       0x28
 .ARM.attributes
                0x00000000       0x1e c:/program files (x86)/atmel/studio/7.0/toolchain/arm/arm-gnu-toolchain/bin/../lib/gcc/arm-none-eabi/6.3.1/thumb/v6-m/crti.o
 .ARM.attributes
                0x0000001e       0x2c c:/program files (x86)/atmel/studio/7.0/toolchain/arm/arm-gnu-toolchain/bin/../lib/gcc/arm-none-eabi/6.3.1/thumb/v6-m/crtbegin.o
 .ARM.attributes
                0x0000004a       0x32 atmel_start.o
 .ARM.attributes
                0x0000007c       0x32 Device_Startup/startup_samd11.o
 .ARM.attributes
                0x000000ae       0x32 driver_init.o
 .ARM.attributes
                0x000000e0       0x32 hal/src/hal_atomic.o
 .ARM.attributes
                0x00000112       0x32 hal/src/hal_delay.o
 .ARM.attributes
                0x00000144       0x32 hal/src/hal_i2c_m_sync.o
 .ARM.attributes
                0x00000176       0x32 hal/src/hal_io.o
 .ARM.attributes
                0x000001a8       0x32 hal/src/hal_usb_device.o
 .ARM.attributes
                0x000001da       0x32 hal/utils/src/utils_assert.o
 .ARM.attributes
                0x0000020c       0x32 hal/utils/src/utils_list.o
 .ARM.attributes
                0x0000023e       0x32 hal/utils/src/utils_syscalls.o
 .ARM.attributes
                0x00000270       0x32 hpl/core/hpl_core_m0plus_base.o
 .ARM.attributes
                0x000002a2       0x32 hpl/core/hpl_init.o
 .ARM.attributes
                0x000002d4       0x32 hpl/gclk/hpl_gclk.o
 .ARM.attributes
                0x00000306       0x32 hpl/pm/hpl_pm.o
 .ARM.attributes
                0x00000338       0x32 hpl/sercom/hpl_sercom.o
 .ARM.attributes
                0x0000036a       0x32 hpl/sysctrl/hpl_sysctrl.o
 .ARM.attributes
                0x0000039c       0x32 hpl/usb/hpl_usb.o
 .ARM.attributes
                0x000003ce       0x32 usb/class/cdc/device/cdcdf_acm.o
 .ARM.attributes
                0x00000400       0x32 usb/device/usbdc.o
 .ARM.attributes
                0x00000432       0x32 usb/usb_protocol.o
 .ARM.attributes
                0x00000464       0x32 usb_cdc_echo_main.o
 .ARM.attributes
                0x00000496       0x32 usb_start.o
 .ARM.attributes
                0x000004c8       0x1e c:/program files (x86)/atmel/studio/7.0/toolchain/arm/arm-gnu-toolchain/bin/../lib/gcc/arm-none-eabi/6.3.1/thumb/v6-m\libgcc.a(_thumb1_case_sqi.o)
 .ARM.attributes
                0x000004e6       0x1e c:/program files (x86)/atmel/studio/7.0/toolchain/arm/arm-gnu-toolchain/bin/../lib/gcc/arm-none-eabi/6.3.1/thumb/v6-m\libgcc.a(_thumb1_case_uqi.o)
 .ARM.attributes
                0x00000504       0x1e c:/program files (x86)/atmel/studio/7.0/toolchain/arm/arm-gnu-toolchain/bin/../lib/gcc/arm-none-eabi/6.3.1/thumb/v6-m\libgcc.a(_thumb1_case_shi.o)
 .ARM.attributes
                0x00000522       0x1e c:/program files (x86)/atmel/studio/7.0/toolchain/arm/arm-gnu-toolchain/bin/../lib/gcc/arm-none-eabi/6.3.1/thumb/v6-m\libgcc.a(_udivsi3.o)
 .ARM.attributes
                0x00000540       0x1e c:/program files (x86)/atmel/studio/7.0/toolchain/arm/arm-gnu-toolchain/bin/../lib/gcc/arm-none-eabi/6.3.1/thumb/v6-m\libgcc.a(_dvmd_tls.o)
 .ARM.attributes
                0x0000055e       0x2c c:/program files (x86)/atmel/studio/7.0/toolchain/arm/arm-gnu-toolchain/bin/../lib/gcc/arm-none-eabi/6.3.1/../../../../arm-none-eabi/lib/thumb/v6-m\libc_nano.a(lib_a-impure.o)
 .ARM.attributes
                0x0000058a       0x2c c:/program files (x86)/atmel/studio/7.0/toolchain/arm/arm-gnu-toolchain/bin/../lib/gcc/arm-none-eabi/6.3.1/../../../../arm-none-eabi/lib/thumb/v6-m\libc_nano.a(lib_a-init.o)
 .ARM.attributes
                0x000005b6       0x2c c:/program files (x86)/atmel/studio/7.0/toolchain/arm/arm-gnu-toolchain/bin/../lib/gcc/arm-none-eabi/6.3.1/../../../../arm-none-eabi/lib/thumb/v6-m\libc_nano.a(lib_a-memcpy-stub.o)
 .ARM.attributes
                0x000005e2       0x2c c:/program files (x86)/atmel/studio/7.0/toolchain/arm/arm-gnu-toolchain/bin/../lib/gcc/arm-none-eabi/6.3.1/../../../../arm-none-eabi/lib/thumb/v6-m\libc_nano.a(lib_a-memset.o)
 .ARM.attributes
                0x0000060e       0x2c c:/program files (x86)/atmel/studio/7.0/toolchain/arm/arm-gnu-toolchain/bin/../lib/gcc/arm-none-eabi/6.3.1/../../../../arm-none-eabi/lib/thumb/v6-m\libc_nano.a(lib_a-sprintf.o)
 .ARM.attributes
                0x0000063a       0x1c c:/program files (x86)/atmel/studio/7.0/toolchain/arm/arm-gnu-toolchain/bin/../lib/gcc/arm-none-eabi/6.3.1/../../../../arm-none-eabi/lib/thumb/v6-m\libc_nano.a(lib_a-strlen.o)
 .ARM.attributes
                0x00000656       0x2c c:/program files (x86)/atmel/studio/7.0/toolchain/arm/arm-gnu-toolchain/bin/../lib/gcc/arm-none-eabi/6.3.1/../../../../arm-none-eabi/lib/thumb/v6-m\libc_nano.a(lib_a-findfp.o)
 .ARM.attributes
                0x00000682       0x2c c:/program files (x86)/atmel/studio/7.0/toolchain/arm/arm-gnu-toolchain/bin/../lib/gcc/arm-none-eabi/6.3.1/../../../../arm-none-eabi/lib/thumb/v6-m\libc_nano.a(lib_a-nano-mallocr.o)
 .ARM.attributes
                0x000006ae       0x2c c:/program files (x86)/atmel/studio/7.0/toolchain/arm/arm-gnu-toolchain/bin/../lib/gcc/arm-none-eabi/6.3.1/../../../../arm-none-eabi/lib/thumb/v6-m\libc_nano.a(lib_a-nano-svfprintf.o)
 .ARM.attributes
                0x000006da       0x2c c:/program files (x86)/atmel/studio/7.0/toolchain/arm/arm-gnu-toolchain/bin/../lib/gcc/arm-none-eabi/6.3.1/../../../../arm-none-eabi/lib/thumb/v6-m\libc_nano.a(lib_a-nano-vfprintf_i.o)
 .ARM.attributes
                0x00000706       0x2c c:/program files (x86)/atmel/studio/7.0/toolchain/arm/arm-gnu-toolchain/bin/../lib/gcc/arm-none-eabi/6.3.1/../../../../arm-none-eabi/lib/thumb/v6-m\libc_nano.a(lib_a-sbrkr.o)
 .ARM.attributes
                0x00000732       0x2c c:/program files (x86)/atmel/studio/7.0/toolchain/arm/arm-gnu-toolchain/bin/../lib/gcc/arm-none-eabi/6.3.1/../../../../arm-none-eabi/lib/thumb/v6-m\libc_nano.a(lib_a-memchr-stub.o)
 .ARM.attributes
                0x0000075e       0x2c c:/program files (x86)/atmel/studio/7.0/toolchain/arm/arm-gnu-toolchain/bin/../lib/gcc/arm-none-eabi/6.3.1/../../../../arm-none-eabi/lib/thumb/v6-m\libc_nano.a(lib_a-memmove.o)
 .ARM.attributes
                0x0000078a       0x2c c:/program files (x86)/atmel/studio/7.0/toolchain/arm/arm-gnu-toolchain/bin/../lib/gcc/arm-none-eabi/6.3.1/../../../../arm-none-eabi/lib/thumb/v6-m\libc_nano.a(lib_a-mlock.o)
 .ARM.attributes
                0x000007b6       0x2c c:/program files (x86)/atmel/studio/7.0/toolchain/arm/arm-gnu-toolchain/bin/../lib/gcc/arm-none-eabi/6.3.1/../../../../arm-none-eabi/lib/thumb/v6-m\libc_nano.a(lib_a-nano-freer.o)
 .ARM.attributes
                0x000007e2       0x2c c:/program files (x86)/atmel/studio/7.0/toolchain/arm/arm-gnu-toolchain/bin/../lib/gcc/arm-none-eabi/6.3.1/../../../../arm-none-eabi/lib/thumb/v6-m\libc_nano.a(lib_a-nano-reallocr.o)
 .ARM.attributes
                0x0000080e       0x2c c:/program files (x86)/atmel/studio/7.0/toolchain/arm/arm-gnu-toolchain/bin/../lib/gcc/arm-none-eabi/6.3.1/../../../../arm-none-eabi/lib/thumb/v6-m\libc_nano.a(lib_a-reent.o)
 .ARM.attributes
                0x0000083a       0x2c c:/program files (x86)/atmel/studio/7.0/toolchain/arm/arm-gnu-toolchain/bin/../lib/gcc/arm-none-eabi/6.3.1/../../../../arm-none-eabi/lib/thumb/v6-m\libc_nano.a(lib_a-nano-msizer.o)
 .ARM.attributes
                0x00000866       0x1e c:/program files (x86)/atmel/studio/7.0/toolchain/arm/arm-gnu-toolchain/bin/../lib/gcc/arm-none-eabi/6.3.1/thumb/v6-m/crtn.o

.comment        0x00000000       0x59
 .comment       0x00000000       0x59 atmel_start.o
                                 0x5a (size before relaxing)
 .comment       0x00000059       0x5a Device_Startup/startup_samd11.o
 .comment       0x00000059       0x5a driver_init.o
 .comment       0x00000059       0x5a hal/src/hal_atomic.o
 .comment       0x00000059       0x5a hal/src/hal_delay.o
 .comment       0x00000059       0x5a hal/src/hal_i2c_m_sync.o
 .comment       0x00000059       0x5a hal/src/hal_io.o
 .comment       0x00000059       0x5a hal/src/hal_usb_device.o
 .comment       0x00000059       0x5a hal/utils/src/utils_assert.o
 .comment       0x00000059       0x5a hal/utils/src/utils_list.o
 .comment       0x00000059       0x5a hal/utils/src/utils_syscalls.o
 .comment       0x00000059       0x5a hpl/core/hpl_core_m0plus_base.o
 .comment       0x00000059       0x5a hpl/core/hpl_init.o
 .comment       0x00000059       0x5a hpl/gclk/hpl_gclk.o
 .comment       0x00000059       0x5a hpl/pm/hpl_pm.o
 .comment       0x00000059       0x5a hpl/sercom/hpl_sercom.o
 .comment       0x00000059       0x5a hpl/sysctrl/hpl_sysctrl.o
 .comment       0x00000059       0x5a hpl/usb/hpl_usb.o
 .comment       0x00000059       0x5a usb/class/cdc/device/cdcdf_acm.o
 .comment       0x00000059       0x5a usb/device/usbdc.o
 .comment       0x00000059       0x5a usb/usb_protocol.o
 .comment       0x00000059       0x5a usb_cdc_echo_main.o
 .comment       0x00000059       0x5a usb_start.o

.debug_info     0x00000000    0x29da5
 .debug_info    0x00000000      0xbc6 atmel_start.o
 .debug_info    0x00000bc6     0x2bd5 Device_Startup/startup_samd11.o
 .debug_info    0x0000379b     0x7009 driver_init.o
 .debug_info    0x0000a7a4      0x1d1 hal/src/hal_atomic.o
 .debug_info    0x0000a975      0x1dc hal/src/hal_delay.o
 .debug_info    0x0000ab51      0x878 hal/src/hal_i2c_m_sync.o
 .debug_info    0x0000b3c9      0x2b2 hal/src/hal_io.o
 .debug_info    0x0000b67b     0x1e25 hal/src/hal_usb_device.o
 .debug_info    0x0000d4a0      0x107 hal/utils/src/utils_assert.o
 .debug_info    0x0000d5a7      0x310 hal/utils/src/utils_list.o
 .debug_info    0x0000d8b7      0xdc8 hal/utils/src/utils_syscalls.o
 .debug_info    0x0000e67f      0x823 hpl/core/hpl_core_m0plus_base.o
 .debug_info    0x0000eea2      0x677 hpl/core/hpl_init.o
 .debug_info    0x0000f519      0x5a1 hpl/gclk/hpl_gclk.o
 .debug_info    0x0000faba      0xc95 hpl/pm/hpl_pm.o
 .debug_info    0x0001074f     0xa239 hpl/sercom/hpl_sercom.o
 .debug_info    0x0001a988     0x1923 hpl/sysctrl/hpl_sysctrl.o
 .debug_info    0x0001c2ab     0x7305 hpl/usb/hpl_usb.o
 .debug_info    0x000235b0     0x1731 usb/class/cdc/device/cdcdf_acm.o
 .debug_info    0x00024ce1     0x229e usb/device/usbdc.o
 .debug_info    0x00026f7f      0xe17 usb/usb_protocol.o
 .debug_info    0x00027d96      0xf48 usb_cdc_echo_main.o
 .debug_info    0x00028cde     0x10c7 usb_start.o

.debug_abbrev   0x00000000     0x3e02
 .debug_abbrev  0x00000000      0x1b4 atmel_start.o
 .debug_abbrev  0x000001b4      0x234 Device_Startup/startup_samd11.o
 .debug_abbrev  0x000003e8      0x3e3 driver_init.o
 .debug_abbrev  0x000007cb      0x144 hal/src/hal_atomic.o
 .debug_abbrev  0x0000090f       0xe1 hal/src/hal_delay.o
 .debug_abbrev  0x000009f0      0x1a6 hal/src/hal_i2c_m_sync.o
 .debug_abbrev  0x00000b96      0x115 hal/src/hal_io.o
 .debug_abbrev  0x00000cab      0x4af hal/src/hal_usb_device.o
 .debug_abbrev  0x0000115a       0x86 hal/utils/src/utils_assert.o
 .debug_abbrev  0x000011e0      0x159 hal/utils/src/utils_list.o
 .debug_abbrev  0x00001339      0x25a hal/utils/src/utils_syscalls.o
 .debug_abbrev  0x00001593      0x2dc hpl/core/hpl_core_m0plus_base.o
 .debug_abbrev  0x0000186f      0x1cc hpl/core/hpl_init.o
 .debug_abbrev  0x00001a3b      0x18e hpl/gclk/hpl_gclk.o
 .debug_abbrev  0x00001bc9      0x231 hpl/pm/hpl_pm.o
 .debug_abbrev  0x00001dfa      0x630 hpl/sercom/hpl_sercom.o
 .debug_abbrev  0x0000242a      0x293 hpl/sysctrl/hpl_sysctrl.o
 .debug_abbrev  0x000026bd      0x65a hpl/usb/hpl_usb.o
 .debug_abbrev  0x00002d17      0x421 usb/class/cdc/device/cdcdf_acm.o
 .debug_abbrev  0x00003138      0x43b usb/device/usbdc.o
 .debug_abbrev  0x00003573      0x2a7 usb/usb_protocol.o
 .debug_abbrev  0x0000381a      0x274 usb_cdc_echo_main.o
 .debug_abbrev  0x00003a8e      0x374 usb_start.o

.debug_loc      0x00000000     0xe287
 .debug_loc     0x00000000       0x20 atmel_start.o
 .debug_loc     0x00000020       0x4b Device_Startup/startup_samd11.o
 .debug_loc     0x0000006b      0x8cc driver_init.o
 .debug_loc     0x00000937       0x13 hal/src/hal_atomic.o
 .debug_loc     0x0000094a       0xc3 hal/src/hal_delay.o
 .debug_loc     0x00000a0d      0x681 hal/src/hal_i2c_m_sync.o
 .debug_loc     0x0000108e      0x132 hal/src/hal_io.o
 .debug_loc     0x000011c0     0x1075 hal/src/hal_usb_device.o
 .debug_loc     0x00002235      0x1c2 hal/utils/src/utils_list.o
 .debug_loc     0x000023f7      0x11d hal/utils/src/utils_syscalls.o
 .debug_loc     0x00002514      0x1f7 hpl/core/hpl_core_m0plus_base.o
 .debug_loc     0x0000270b       0x4c hpl/core/hpl_init.o
 .debug_loc     0x00002757      0x147 hpl/gclk/hpl_gclk.o
 .debug_loc     0x0000289e      0x10d hpl/pm/hpl_pm.o
 .debug_loc     0x000029ab     0x610f hpl/sercom/hpl_sercom.o
 .debug_loc     0x00008aba      0x24b hpl/sysctrl/hpl_sysctrl.o
 .debug_loc     0x00008d05     0x343b hpl/usb/hpl_usb.o
 .debug_loc     0x0000c140      0x7ee usb/class/cdc/device/cdcdf_acm.o
 .debug_loc     0x0000c92e     0x133f usb/device/usbdc.o
 .debug_loc     0x0000dc6d      0x38c usb/usb_protocol.o
 .debug_loc     0x0000dff9       0x52 usb_cdc_echo_main.o
 .debug_loc     0x0000e04b      0x23c usb_start.o

.debug_aranges  0x00000000      0xcf0
 .debug_aranges
                0x00000000       0x20 atmel_start.o
 .debug_aranges
                0x00000020       0x28 Device_Startup/startup_samd11.o
 .debug_aranges
                0x00000048       0x60 driver_init.o
 .debug_aranges
                0x000000a8       0x30 hal/src/hal_atomic.o
 .debug_aranges
                0x000000d8       0x38 hal/src/hal_delay.o
 .debug_aranges
                0x00000110       0x88 hal/src/hal_i2c_m_sync.o
 .debug_aranges
                0x00000198       0x30 hal/src/hal_io.o
 .debug_aranges
                0x000001c8      0x100 hal/src/hal_usb_device.o
 .debug_aranges
                0x000002c8       0x20 hal/utils/src/utils_assert.o
 .debug_aranges
                0x000002e8       0x48 hal/utils/src/utils_list.o
 .debug_aranges
                0x00000330       0x60 hal/utils/src/utils_syscalls.o
 .debug_aranges
                0x00000390       0x80 hpl/core/hpl_core_m0plus_base.o
 .debug_aranges
                0x00000410       0x20 hpl/core/hpl_init.o
 .debug_aranges
                0x00000430       0x28 hpl/gclk/hpl_gclk.o
 .debug_aranges
                0x00000458       0x30 hpl/pm/hpl_pm.o
 .debug_aranges
                0x00000488      0x500 hpl/sercom/hpl_sercom.o
 .debug_aranges
                0x00000988       0x28 hpl/sysctrl/hpl_sysctrl.o
 .debug_aranges
                0x000009b0      0x140 hpl/usb/hpl_usb.o
 .debug_aranges
                0x00000af0       0x68 usb/class/cdc/device/cdcdf_acm.o
 .debug_aranges
                0x00000b58       0xe0 usb/device/usbdc.o
 .debug_aranges
                0x00000c38       0x48 usb/usb_protocol.o
 .debug_aranges
                0x00000c80       0x20 usb_cdc_echo_main.o
 .debug_aranges
                0x00000ca0       0x50 usb_start.o

.debug_ranges   0x00000000     0x2430
 .debug_ranges  0x00000000       0x10 atmel_start.o
 .debug_ranges  0x00000010       0x18 Device_Startup/startup_samd11.o
 .debug_ranges  0x00000028      0x190 driver_init.o
 .debug_ranges  0x000001b8       0x20 hal/src/hal_atomic.o
 .debug_ranges  0x000001d8       0x28 hal/src/hal_delay.o
 .debug_ranges  0x00000200       0x78 hal/src/hal_i2c_m_sync.o
 .debug_ranges  0x00000278       0x20 hal/src/hal_io.o
 .debug_ranges  0x00000298      0x150 hal/src/hal_usb_device.o
 .debug_ranges  0x000003e8       0x10 hal/utils/src/utils_assert.o
 .debug_ranges  0x000003f8       0x50 hal/utils/src/utils_list.o
 .debug_ranges  0x00000448       0x50 hal/utils/src/utils_syscalls.o
 .debug_ranges  0x00000498       0xa8 hpl/core/hpl_core_m0plus_base.o
 .debug_ranges  0x00000540       0x28 hpl/core/hpl_init.o
 .debug_ranges  0x00000568       0x18 hpl/gclk/hpl_gclk.o
 .debug_ranges  0x00000580       0x50 hpl/pm/hpl_pm.o
 .debug_ranges  0x000005d0     0x1190 hpl/sercom/hpl_sercom.o
 .debug_ranges  0x00001760       0xa8 hpl/sysctrl/hpl_sysctrl.o
 .debug_ranges  0x00001808      0x7c8 hpl/usb/hpl_usb.o
 .debug_ranges  0x00001fd0      0x140 usb/class/cdc/device/cdcdf_acm.o
 .debug_ranges  0x00002110      0x230 usb/device/usbdc.o
 .debug_ranges  0x00002340       0x38 usb/usb_protocol.o
 .debug_ranges  0x00002378       0x10 usb_cdc_echo_main.o
 .debug_ranges  0x00002388       0xa8 usb_start.o

.debug_macro    0x00000000    0x17cbc
 .debug_macro   0x00000000      0x5db atmel_start.o
 .debug_macro   0x000005db      0x8a4 atmel_start.o
 .debug_macro   0x00000e7f      0x16d atmel_start.o
 .debug_macro   0x00000fec       0x22 atmel_start.o
 .debug_macro   0x0000100e       0x87 atmel_start.o
 .debug_macro   0x00001095       0x51 atmel_start.o
 .debug_macro   0x000010e6       0xef atmel_start.o
 .debug_macro   0x000011d5       0x6a atmel_start.o
 .debug_macro   0x0000123f      0x1df atmel_start.o
 .debug_macro   0x0000141e       0x22 atmel_start.o
 .debug_macro   0x00001440       0x3f atmel_start.o
 .debug_macro   0x0000147f       0x1c atmel_start.o
 .debug_macro   0x0000149b       0x22 atmel_start.o
 .debug_macro   0x000014bd       0xb5 atmel_start.o
 .debug_macro   0x00001572      0x3ad atmel_start.o
 .debug_macro   0x0000191f      0x67e atmel_start.o
 .debug_macro   0x00001f9d      0x8b1 atmel_start.o
 .debug_macro   0x0000284e      0x22e atmel_start.o
 .debug_macro   0x00002a7c      0xc0c atmel_start.o
 .debug_macro   0x00003688      0x5e7 atmel_start.o
 .debug_macro   0x00003c6f      0x7c6 atmel_start.o
 .debug_macro   0x00004435      0x4e3 atmel_start.o
 .debug_macro   0x00004918      0x37f atmel_start.o
 .debug_macro   0x00004c97      0x189 atmel_start.o
 .debug_macro   0x00004e20      0x21c atmel_start.o
 .debug_macro   0x0000503c      0x735 atmel_start.o
 .debug_macro   0x00005771       0x5e atmel_start.o
 .debug_macro   0x000057cf      0x624 atmel_start.o
 .debug_macro   0x00005df3      0x3ac atmel_start.o
 .debug_macro   0x0000619f      0xc76 atmel_start.o
 .debug_macro   0x00006e15     0x1092 atmel_start.o
 .debug_macro   0x00007ea7      0xc19 atmel_start.o
 .debug_macro   0x00008ac0      0x6ba atmel_start.o
 .debug_macro   0x0000917a     0x1b83 atmel_start.o
 .debug_macro   0x0000acfd      0xb7c atmel_start.o
 .debug_macro   0x0000b879      0x340 atmel_start.o
 .debug_macro   0x0000bbb9       0x7c atmel_start.o
 .debug_macro   0x0000bc35       0xa0 atmel_start.o
 .debug_macro   0x0000bcd5       0x4c atmel_start.o
 .debug_macro   0x0000bd21       0xca atmel_start.o
 .debug_macro   0x0000bdeb       0xb8 atmel_start.o
 .debug_macro   0x0000bea3       0x58 atmel_start.o
 .debug_macro   0x0000befb      0x201 atmel_start.o
 .debug_macro   0x0000c0fc       0x82 atmel_start.o
 .debug_macro   0x0000c17e      0x189 atmel_start.o
 .debug_macro   0x0000c307       0xa0 atmel_start.o
 .debug_macro   0x0000c3a7       0xac atmel_start.o
 .debug_macro   0x0000c453       0x1c atmel_start.o
 .debug_macro   0x0000c46f       0x1c atmel_start.o
 .debug_macro   0x0000c48b       0x1c atmel_start.o
 .debug_macro   0x0000c4a7       0x82 atmel_start.o
 .debug_macro   0x0000c529      0x112 atmel_start.o
 .debug_macro   0x0000c63b       0x10 atmel_start.o
 .debug_macro   0x0000c64b       0xdc atmel_start.o
 .debug_macro   0x0000c727      0x124 atmel_start.o
 .debug_macro   0x0000c84b      0x124 atmel_start.o
 .debug_macro   0x0000c96f      0x124 atmel_start.o
 .debug_macro   0x0000ca93      0x124 atmel_start.o
 .debug_macro   0x0000cbb7       0xe2 atmel_start.o
 .debug_macro   0x0000cc99       0xe2 atmel_start.o
 .debug_macro   0x0000cd7b      0x12a atmel_start.o
 .debug_macro   0x0000cea5      0x1fa atmel_start.o
 .debug_macro   0x0000d09f       0x40 atmel_start.o
 .debug_macro   0x0000d0df      0x306 atmel_start.o
 .debug_macro   0x0000d3e5      0xff9 atmel_start.o
 .debug_macro   0x0000e3de       0x5f atmel_start.o
 .debug_macro   0x0000e43d       0x10 atmel_start.o
 .debug_macro   0x0000e44d       0x10 atmel_start.o
 .debug_macro   0x0000e45d       0x16 atmel_start.o
 .debug_macro   0x0000e473       0x16 atmel_start.o
 .debug_macro   0x0000e489       0x16 atmel_start.o
 .debug_macro   0x0000e49f       0x16 atmel_start.o
 .debug_macro   0x0000e4b5       0x16 atmel_start.o
 .debug_macro   0x0000e4cb       0x16 atmel_start.o
 .debug_macro   0x0000e4e1       0x16 atmel_start.o
 .debug_macro   0x0000e4f7       0x16 atmel_start.o
 .debug_macro   0x0000e50d       0x16 atmel_start.o
 .debug_macro   0x0000e523       0x16 atmel_start.o
 .debug_macro   0x0000e539       0x16 atmel_start.o
 .debug_macro   0x0000e54f       0x16 atmel_start.o
 .debug_macro   0x0000e565       0x16 atmel_start.o
 .debug_macro   0x0000e57b      0x4c3 atmel_start.o
 .debug_macro   0x0000ea3e       0x94 atmel_start.o
 .debug_macro   0x0000ead2       0x16 atmel_start.o
 .debug_macro   0x0000eae8       0x6a atmel_start.o
 .debug_macro   0x0000eb52      0x28c atmel_start.o
 .debug_macro   0x0000edde      0x277 atmel_start.o
 .debug_macro   0x0000f055       0x16 atmel_start.o
 .debug_macro   0x0000f06b       0xca atmel_start.o
 .debug_macro   0x0000f135       0x1c atmel_start.o
 .debug_macro   0x0000f151       0x16 atmel_start.o
 .debug_macro   0x0000f167       0x4c atmel_start.o
 .debug_macro   0x0000f1b3       0x70 atmel_start.o
 .debug_macro   0x0000f223       0xc9 atmel_start.o
 .debug_macro   0x0000f2ec       0xcb atmel_start.o
 .debug_macro   0x0000f3b7       0xee atmel_start.o
 .debug_macro   0x0000f4a5       0x58 atmel_start.o
 .debug_macro   0x0000f4fd       0x35 atmel_start.o
 .debug_macro   0x0000f532       0x9c atmel_start.o
 .debug_macro   0x0000f5ce       0x58 atmel_start.o
 .debug_macro   0x0000f626       0x1f atmel_start.o
 .debug_macro   0x0000f645       0x43 atmel_start.o
 .debug_macro   0x0000f688       0x20 atmel_start.o
 .debug_macro   0x0000f6a8      0x187 atmel_start.o
 .debug_macro   0x0000f82f      0x34d atmel_start.o
 .debug_macro   0x0000fb7c       0x10 atmel_start.o
 .debug_macro   0x0000fb8c       0x35 atmel_start.o
 .debug_macro   0x0000fbc1       0x76 atmel_start.o
 .debug_macro   0x0000fc37      0x11b atmel_start.o
 .debug_macro   0x0000fd52      0x12b atmel_start.o
 .debug_macro   0x0000fe7d      0x256 atmel_start.o
 .debug_macro   0x000100d3       0x4c atmel_start.o
 .debug_macro   0x0001011f      0x2ac Device_Startup/startup_samd11.o
 .debug_macro   0x000103cb       0x39 Device_Startup/startup_samd11.o
 .debug_macro   0x00010404      0x4ca driver_init.o
 .debug_macro   0x000108ce       0x34 driver_init.o
 .debug_macro   0x00010902      0x3d1 hal/src/hal_atomic.o
 .debug_macro   0x00010cd3      0x403 hal/src/hal_delay.o
 .debug_macro   0x000110d6      0x40c hal/src/hal_i2c_m_sync.o
 .debug_macro   0x000114e2       0x6a hal/src/hal_i2c_m_sync.o
 .debug_macro   0x0001154c      0x3e4 hal/src/hal_io.o
 .debug_macro   0x00011930      0x4b9 hal/src/hal_usb_device.o
 .debug_macro   0x00011de9      0x3da hal/utils/src/utils_assert.o
 .debug_macro   0x000121c3       0x10 hal/utils/src/utils_assert.o
 .debug_macro   0x000121d3      0x3de hal/utils/src/utils_list.o
 .debug_macro   0x000125b1      0x1d6 hal/utils/src/utils_syscalls.o
 .debug_macro   0x00012787       0x52 hal/utils/src/utils_syscalls.o
 .debug_macro   0x000127d9       0x8d hal/utils/src/utils_syscalls.o
 .debug_macro   0x00012866       0x16 hal/utils/src/utils_syscalls.o
 .debug_macro   0x0001287c       0x57 hal/utils/src/utils_syscalls.o
 .debug_macro   0x000128d3       0x97 hal/utils/src/utils_syscalls.o
 .debug_macro   0x0001296a      0x353 hal/utils/src/utils_syscalls.o
 .debug_macro   0x00012cbd       0xf6 hal/utils/src/utils_syscalls.o
 .debug_macro   0x00012db3       0x10 hal/utils/src/utils_syscalls.o
 .debug_macro   0x00012dc3       0x10 hal/utils/src/utils_syscalls.o
 .debug_macro   0x00012dd3       0x1c hal/utils/src/utils_syscalls.o
 .debug_macro   0x00012def       0x52 hal/utils/src/utils_syscalls.o
 .debug_macro   0x00012e41       0x40 hal/utils/src/utils_syscalls.o
 .debug_macro   0x00012e81       0x10 hal/utils/src/utils_syscalls.o
 .debug_macro   0x00012e91       0x40 hal/utils/src/utils_syscalls.o
 .debug_macro   0x00012ed1       0xd7 hal/utils/src/utils_syscalls.o
 .debug_macro   0x00012fa8       0x16 hal/utils/src/utils_syscalls.o
 .debug_macro   0x00012fbe      0x18b hal/utils/src/utils_syscalls.o
 .debug_macro   0x00013149       0x4c hal/utils/src/utils_syscalls.o
 .debug_macro   0x00013195       0x16 hal/utils/src/utils_syscalls.o
 .debug_macro   0x000131ab       0x10 hal/utils/src/utils_syscalls.o
 .debug_macro   0x000131bb       0x10 hal/utils/src/utils_syscalls.o
 .debug_macro   0x000131cb       0x35 hal/utils/src/utils_syscalls.o
 .debug_macro   0x00013200      0x122 hal/utils/src/utils_syscalls.o
 .debug_macro   0x00013322      0x428 hpl/core/hpl_core_m0plus_base.o
 .debug_macro   0x0001374a      0x44b hpl/core/hpl_init.o
 .debug_macro   0x00013b95       0x2e hpl/core/hpl_init.o
 .debug_macro   0x00013bc3      0x6ec hpl/core/hpl_init.o
 .debug_macro   0x000142af      0x3ed hpl/gclk/hpl_gclk.o
 .debug_macro   0x0001469c      0x175 hpl/gclk/hpl_gclk.o
 .debug_macro   0x00014811      0x410 hpl/pm/hpl_pm.o
 .debug_macro   0x00014c21      0x618 hpl/sercom/hpl_sercom.o
 .debug_macro   0x00015239       0x59 hpl/sercom/hpl_sercom.o
 .debug_macro   0x00015292       0x10 hpl/sercom/hpl_sercom.o
 .debug_macro   0x000152a2       0x1c hpl/sercom/hpl_sercom.o
 .debug_macro   0x000152be       0x22 hpl/sercom/hpl_sercom.o
 .debug_macro   0x000152e0       0x10 hpl/sercom/hpl_sercom.o
 .debug_macro   0x000152f0      0x3e7 hpl/sysctrl/hpl_sysctrl.o
 .debug_macro   0x000156d7      0x2da hpl/sysctrl/hpl_sysctrl.o
 .debug_macro   0x000159b1      0x64a hpl/usb/hpl_usb.o
 .debug_macro   0x00015ffb      0x51a usb/class/cdc/device/cdcdf_acm.o
 .debug_macro   0x00016515       0xaf usb/class/cdc/device/cdcdf_acm.o
 .debug_macro   0x000165c4       0xd1 usb/class/cdc/device/cdcdf_acm.o
 .debug_macro   0x00016695      0x4fb usb/device/usbdc.o
 .debug_macro   0x00016b90      0x4ca usb/usb_protocol.o
 .debug_macro   0x0001705a      0x67f usb_cdc_echo_main.o
 .debug_macro   0x000176d9      0x5e3 usb_start.o

.debug_line     0x00000000    0x11314
 .debug_line    0x00000000      0xb7e atmel_start.o
 .debug_line    0x00000b7e      0x68b Device_Startup/startup_samd11.o
 .debug_line    0x00001209      0xbfa driver_init.o
 .debug_line    0x00001e03      0x8eb hal/src/hal_atomic.o
 .debug_line    0x000026ee      0x91c hal/src/hal_delay.o
 .debug_line    0x0000300a      0xa26 hal/src/hal_i2c_m_sync.o
 .debug_line    0x00003a30      0x901 hal/src/hal_io.o
 .debug_line    0x00004331      0xcd0 hal/src/hal_usb_device.o
 .debug_line    0x00005001      0x8b5 hal/utils/src/utils_assert.o
 .debug_line    0x000058b6      0x948 hal/utils/src/utils_list.o
 .debug_line    0x000061fe      0x40e hal/utils/src/utils_syscalls.o
 .debug_line    0x0000660c      0xa9b hpl/core/hpl_core_m0plus_base.o
 .debug_line    0x000070a7      0x9a1 hpl/core/hpl_init.o
 .debug_line    0x00007a48      0x92b hpl/gclk/hpl_gclk.o
 .debug_line    0x00008373      0x972 hpl/pm/hpl_pm.o
 .debug_line    0x00008ce5     0x2a62 hpl/sercom/hpl_sercom.o
 .debug_line    0x0000b747      0xa1d hpl/sysctrl/hpl_sysctrl.o
 .debug_line    0x0000c164     0x161d hpl/usb/hpl_usb.o
 .debug_line    0x0000d781      0xbde usb/class/cdc/device/cdcdf_acm.o
 .debug_line    0x0000e35f      0xd7f usb/device/usbdc.o
 .debug_line    0x0000f0de      0xa57 usb/usb_protocol.o
 .debug_line    0x0000fb35      0xbc7 usb_cdc_echo_main.o
 .debug_line    0x000106fc      0xc18 usb_start.o

.debug_str      0x00000000    0x78928
 .debug_str     0x00000000    0x698db atmel_start.o
                              0x69de8 (size before relaxing)
 .debug_str     0x000698db      0xd64 Device_Startup/startup_samd11.o
                              0x5ca68 (size before relaxing)
 .debug_str     0x0006a63f     0x12a2 driver_init.o
                              0x66001 (size before relaxing)
 .debug_str     0x0006b8e1       0xb7 hal/src/hal_atomic.o
                              0x63098 (size before relaxing)
 .debug_str     0x0006b998       0x9b hal/src/hal_delay.o
                              0x63102 (size before relaxing)
 .debug_str     0x0006ba33      0x170 hal/src/hal_i2c_m_sync.o
                              0x6399b (size before relaxing)
 .debug_str     0x0006bba3       0x3d hal/src/hal_io.o
                              0x63145 (size before relaxing)
 .debug_str     0x0006bbe0      0x825 hal/src/hal_usb_device.o
                              0x672a0 (size before relaxing)
 .debug_str     0x0006c405       0x2a hal/utils/src/utils_assert.o
                              0x630a8 (size before relaxing)
 .debug_str     0x0006c42f       0x9c hal/utils/src/utils_list.o
                              0x63152 (size before relaxing)
 .debug_str     0x0006c4cb     0x18f7 hal/utils/src/utils_syscalls.o
                               0x730b (size before relaxing)
 .debug_str     0x0006ddc2      0x2c4 hpl/core/hpl_core_m0plus_base.o
                              0x63a91 (size before relaxing)
 .debug_str     0x0006e086     0x17d7 hpl/core/hpl_init.o
                              0x64c2d (size before relaxing)
 .debug_str     0x0006f85d      0x683 hpl/gclk/hpl_gclk.o
                              0x637f9 (size before relaxing)
 .debug_str     0x0006fee0      0x194 hpl/pm/hpl_pm.o
                              0x6377e (size before relaxing)
 .debug_str     0x00070074     0x48ef hpl/sercom/hpl_sercom.o
                              0x68bee (size before relaxing)
 .debug_str     0x00074963     0x1328 hpl/sysctrl/hpl_sysctrl.o
                              0x6456a (size before relaxing)
 .debug_str     0x00075c8b     0x1793 hpl/usb/hpl_usb.o
                              0x690bb (size before relaxing)
 .debug_str     0x0007741e      0x76a usb/class/cdc/device/cdcdf_acm.o
                              0x69687 (size before relaxing)
 .debug_str     0x00077b88      0x53f usb/device/usbdc.o
                              0x68cff (size before relaxing)
 .debug_str     0x000780c7       0xe4 usb/usb_protocol.o
                              0x672ac (size before relaxing)
 .debug_str     0x000781ab      0x5c2 usb_cdc_echo_main.o
                              0x6a469 (size before relaxing)
 .debug_str     0x0007876d      0x1bb usb_start.o
                              0x6a174 (size before relaxing)

.debug_frame    0x00000000     0x26ac
 .debug_frame   0x00000000       0x28 atmel_start.o
 .debug_frame   0x00000028       0x3c Device_Startup/startup_samd11.o
 .debug_frame   0x00000064       0xe0 driver_init.o
 .debug_frame   0x00000144       0x40 hal/src/hal_atomic.o
 .debug_frame   0x00000184       0x68 hal/src/hal_delay.o
 .debug_frame   0x000001ec      0x16c hal/src/hal_i2c_m_sync.o
 .debug_frame   0x00000358       0x58 hal/src/hal_io.o
 .debug_frame   0x000003b0      0x304 hal/src/hal_usb_device.o
 .debug_frame   0x000006b4       0x20 hal/utils/src/utils_assert.o
 .debug_frame   0x000006d4       0x88 hal/utils/src/utils_list.o
 .debug_frame   0x0000075c       0xa8 hal/utils/src/utils_syscalls.o
 .debug_frame   0x00000804       0xfc hpl/core/hpl_core_m0plus_base.o
 .debug_frame   0x00000900       0x28 hpl/core/hpl_init.o
 .debug_frame   0x00000928       0x30 hpl/gclk/hpl_gclk.o
 .debug_frame   0x00000958       0x40 hpl/pm/hpl_pm.o
 .debug_frame   0x00000998      0xfb0 hpl/sercom/hpl_sercom.o
 .debug_frame   0x00001948       0x30 hpl/sysctrl/hpl_sysctrl.o
 .debug_frame   0x00001978      0x3a0 hpl/usb/hpl_usb.o
 .debug_frame   0x00001d18      0x104 usb/class/cdc/device/cdcdf_acm.o
 .debug_frame   0x00001e1c      0x27c usb/device/usbdc.o
 .debug_frame   0x00002098       0xa4 usb/usb_protocol.o
 .debug_frame   0x0000213c       0x30 usb_cdc_echo_main.o
 .debug_frame   0x0000216c       0xc0 usb_start.o
 .debug_frame   0x0000222c       0x20 c:/program files (x86)/atmel/studio/7.0/toolchain/arm/arm-gnu-toolchain/bin/../lib/gcc/arm-none-eabi/6.3.1/thumb/v6-m\libgcc.a(_udivsi3.o)
 .debug_frame   0x0000224c       0x2c c:/program files (x86)/atmel/studio/7.0/toolchain/arm/arm-gnu-toolchain/bin/../lib/gcc/arm-none-eabi/6.3.1/../../../../arm-none-eabi/lib/thumb/v6-m\libc_nano.a(lib_a-init.o)
 .debug_frame   0x00002278       0x28 c:/program files (x86)/atmel/studio/7.0/toolchain/arm/arm-gnu-toolchain/bin/../lib/gcc/arm-none-eabi/6.3.1/../../../../arm-none-eabi/lib/thumb/v6-m\libc_nano.a(lib_a-memcpy-stub.o)
 .debug_frame   0x000022a0       0x20 c:/program files (x86)/atmel/studio/7.0/toolchain/arm/arm-gnu-toolchain/bin/../lib/gcc/arm-none-eabi/6.3.1/../../../../arm-none-eabi/lib/thumb/v6-m\libc_nano.a(lib_a-memset.o)
 .debug_frame   0x000022c0       0x50 c:/program files (x86)/atmel/studio/7.0/toolchain/arm/arm-gnu-toolchain/bin/../lib/gcc/arm-none-eabi/6.3.1/../../../../arm-none-eabi/lib/thumb/v6-m\libc_nano.a(lib_a-sprintf.o)
 .debug_frame   0x00002310      0x140 c:/program files (x86)/atmel/studio/7.0/toolchain/arm/arm-gnu-toolchain/bin/../lib/gcc/arm-none-eabi/6.3.1/../../../../arm-none-eabi/lib/thumb/v6-m\libc_nano.a(lib_a-findfp.o)
 .debug_frame   0x00002450       0x2c c:/program files (x86)/atmel/studio/7.0/toolchain/arm/arm-gnu-toolchain/bin/../lib/gcc/arm-none-eabi/6.3.1/../../../../arm-none-eabi/lib/thumb/v6-m\libc_nano.a(lib_a-nano-mallocr.o)
 .debug_frame   0x0000247c       0x74 c:/program files (x86)/atmel/studio/7.0/toolchain/arm/arm-gnu-toolchain/bin/../lib/gcc/arm-none-eabi/6.3.1/../../../../arm-none-eabi/lib/thumb/v6-m\libc_nano.a(lib_a-nano-svfprintf.o)
 .debug_frame   0x000024f0       0x54 c:/program files (x86)/atmel/studio/7.0/toolchain/arm/arm-gnu-toolchain/bin/../lib/gcc/arm-none-eabi/6.3.1/../../../../arm-none-eabi/lib/thumb/v6-m\libc_nano.a(lib_a-nano-vfprintf_i.o)
 .debug_frame   0x00002544       0x2c c:/program files (x86)/atmel/studio/7.0/toolchain/arm/arm-gnu-toolchain/bin/../lib/gcc/arm-none-eabi/6.3.1/../../../../arm-none-eabi/lib/thumb/v6-m\libc_nano.a(lib_a-sbrkr.o)
 .debug_frame   0x00002570       0x20 c:/program files (x86)/atmel/studio/7.0/toolchain/arm/arm-gnu-toolchain/bin/../lib/gcc/arm-none-eabi/6.3.1/../../../../arm-none-eabi/lib/thumb/v6-m\libc_nano.a(lib_a-memchr-stub.o)
 .debug_frame   0x00002590       0x28 c:/program files (x86)/atmel/studio/7.0/toolchain/arm/arm-gnu-toolchain/bin/../lib/gcc/arm-none-eabi/6.3.1/../../../../arm-none-eabi/lib/thumb/v6-m\libc_nano.a(lib_a-memmove.o)
 .debug_frame   0x000025b8       0x30 c:/program files (x86)/atmel/studio/7.0/toolchain/arm/arm-gnu-toolchain/bin/../lib/gcc/arm-none-eabi/6.3.1/../../../../arm-none-eabi/lib/thumb/v6-m\libc_nano.a(lib_a-mlock.o)
 .debug_frame   0x000025e8       0x2c c:/program files (x86)/atmel/studio/7.0/toolchain/arm/arm-gnu-toolchain/bin/../lib/gcc/arm-none-eabi/6.3.1/../../../../arm-none-eabi/lib/thumb/v6-m\libc_nano.a(lib_a-nano-freer.o)
 .debug_frame   0x00002614       0x30 c:/program files (x86)/atmel/studio/7.0/toolchain/arm/arm-gnu-toolchain/bin/../lib/gcc/arm-none-eabi/6.3.1/../../../../arm-none-eabi/lib/thumb/v6-m\libc_nano.a(lib_a-nano-reallocr.o)
 .debug_frame   0x00002644       0x48 c:/program files (x86)/atmel/studio/7.0/toolchain/arm/arm-gnu-toolchain/bin/../lib/gcc/arm-none-eabi/6.3.1/../../../../arm-none-eabi/lib/thumb/v6-m\libc_nano.a(lib_a-reent.o)
 .debug_frame   0x0000268c       0x20 c:/program files (x86)/atmel/studio/7.0/toolchain/arm/arm-gnu-toolchain/bin/../lib/gcc/arm-none-eabi/6.3.1/../../../../arm-none-eabi/lib/thumb/v6-m\libc_nano.a(lib_a-nano-msizer.o)
